// 重构日志: 1e40633f
// 重构日志: 9eb9444c
// 重构日志: 643a65b1
// 重构日志: aaddbba4
// 同步 ID: ca13b775 @ Thu Jul 30 12:56:38 UTC 2026
// 同步 ID: 22668daa @ Thu Jul 30 15:17:10 UTC 2026
// 同步 ID: 571aaf0a @ Fri Jul 31 14:00:44 UTC 2026
// 同步 ID: b0d9b32c @ Fri Jul 31 15:53:00 UTC 2026
// 重构日志: 1edecf18
// 重构日志: 70561a76
// 同步 ID: 3dbb3452 @ Sat Aug  1 09:52:46 UTC 2026
// 重构日志: 6ad9333c
// 重构日志: d24463a4
// 重构日志: 44d62d55
// 重构日志: c360005e
// 重构日志: 84426716
// 重构日志: 76ba08b4
// 重构日志: 755962f2
// 同步 ID: 4c5e9c82 @ Tue Aug  4 12:47:15 UTC 2026
// 重构日志: 18bcc14f
// 重构日志: a02d6b8f
// 重构日志: c891e046
// 同步 ID: 2b83d086 @ Thu Aug  6 03:56:47 UTC 2026
// 同步 ID: d127c5b0 @ Fri Aug  7 00:42:03 UTC 2026
// 同步 ID: 4b21bdfc @ Fri Aug  7 04:27:25 UTC 2026
// 同步 ID: c572a757 @ Fri Aug  7 11:56:57 UTC 2026
// 同步 ID: 32db70ae @ Sat Aug  8 05:05:24 UTC 2026
// 同步 ID: f1a18be8 @ Sat Aug  8 09:40:31 UTC 2026
// 同步 ID: ab854505 @ Sat Aug  8 13:17:53 UTC 2026
// 同步 ID: 62fbc4a6 @ Sat Aug  8 14:51:24 UTC 2026
// 重构日志: 02e30a74
// 重构日志: 80abd8bf
